{
  "version": "1.5.0",
  "plugins_used": [
    {
      "name": "ArtifactoryDetector"
    },
    {
      "name": "AWSKeyDetector"
    },
    {
      "name": "AzureStorageKeyDetector"
    },
    {
      "name": "Base64HighEntropyString",
      "limit": 4.5
    },
    {
      "name": "BasicAuthDetector"
    },
    {
      "name": "CloudantDetector"
    },
    {
      "name": "DiscordBotTokenDetector"
    },
    {
      "name": "GitHubTokenDetector"
    },
    {
      "name": "HexHighEntropyString",
      "limit": 3.0
    },
    {
      "name": "IbmCloudIamDetector"
    },
    {
      "name": "IbmCosHmacDetector"
    },
    {
      "name": "JwtTokenDetector"
    },
    {
      "name": "KeywordDetector",
      "keyword_exclude": ""
    },
    {
      "name": "MailchimpDetector"
    },
    {
      "name": "NpmDetector"
    },
    {
      "name": "PrivateKeyDetector"
    },
    {
      "name": "SendGridDetector"
    },
    {
      "name": "SlackDetector"
    },
    {
      "name": "SoftlayerDetector"
    },
    {
      "name": "SquareOAuthDetector"
    },
    {
      "name": "StripeDetector"
    },
    {
      "name": "TwilioKeyDetector"
    }
  ],
  "filters_used": [
    {
      "path": "detect_secrets.filters.allowlist.is_line_allowlisted"
    },
    {
      "path": "detect_secrets.filters.common.is_baseline_file",
      "filename": ".secrets.baseline"
    },
    {
      "path": "detect_secrets.filters.common.is_ignored_due_to_verification_policies",
      "min_level": 2
    },
    {
      "path": "detect_secrets.filters.heuristic.is_indirect_reference"
    },
    {
      "path": "detect_secrets.filters.heuristic.is_likely_id_string"
    },
    {
      "path": "detect_secrets.filters.heuristic.is_lock_file"
    },
    {
      "path": "detect_secrets.filters.heuristic.is_not_alphanumeric_string"
    },
    {
      "path": "detect_secrets.filters.heuristic.is_potential_uuid"
    },
    {
      "path": "detect_secrets.filters.heuristic.is_prefixed_with_dollar_sign"
    },
    {
      "path": "detect_secrets.filters.heuristic.is_sequential_string"
    },
    {
      "path": "detect_secrets.filters.heuristic.is_swagger_file"
    },
    {
      "path": "detect_secrets.filters.heuristic.is_templated_secret"
    }
  ],
  "results": {
    ".github/workflows/secret-scan.yml": [
      {
        "type": "Secret Keyword",
        "filename": ".github/workflows/secret-scan.yml",
        "hashed_secret": "a185029836f1ac9783ac751fb2612a44ba0a8935",
        "is_verified": false,
        "line_number": 83
      },
      {
        "type": "Secret Keyword",
        "filename": ".github/workflows/secret-scan.yml",
        "hashed_secret": "a21555f68531641a04e51af07fb2fd5fc308553e",
        "is_verified": false,
        "line_number": 83
      }
    ],
    "README.md": [
      {
        "type": "Secret Keyword",
        "filename": "README.md",
        "hashed_secret": "34e8ac632369e74afb72cc0c7838f1c313facce5",
        "is_verified": false,
        "line_number": 146
      },
      {
        "type": "Secret Keyword",
        "filename": "README.md",
        "hashed_secret": "45d676e7c6ab44cf4b8fa366ef2d8fccd3e6d6e6",
        "is_verified": false,
        "line_number": 148
      }
    ],
    "function-app/API_DOCUMENTATION.md": [
      {
        "type": "Secret Keyword",
        "filename": "function-app/API_DOCUMENTATION.md",
        "hashed_secret": "89ec8f89db08febc89655f738206e9c6cafcdc2a",
        "is_verified": false,
        "line_number": 35
      },
      {
        "type": "Secret Keyword",
        "filename": "function-app/API_DOCUMENTATION.md",
        "hashed_secret": "11fa7c37d697f30e6aee828b4426a10f83ab2380",
        "is_verified": false,
        "line_number": 172
      }
    ],
    "function-app/README.md": [
      {
        "type": "Secret Keyword",
        "filename": "function-app/README.md",
        "hashed_secret": "34e8ac632369e74afb72cc0c7838f1c313facce5",
        "is_verified": false,
        "line_number": 48
      },
      {
        "type": "Secret Keyword",
        "filename": "function-app/README.md",
        "hashed_secret": "45d676e7c6ab44cf4b8fa366ef2d8fccd3e6d6e6",
        "is_verified": false,
        "line_number": 50
      },
      {
        "type": "Secret Keyword",
        "filename": "function-app/README.md",
        "hashed_secret": "89ec8f89db08febc89655f738206e9c6cafcdc2a",
        "is_verified": false,
        "line_number": 266
      },
      {
        "type": "Base64 High Entropy String",
        "filename": "function-app/README.md",
        "hashed_secret": "84df74a5027659ac63954f8a1872179fb8adfe8c",
        "is_verified": false,
        "line_number": 314
      }
    ],
    "function-app/local.settings.json.sample": [
      {
        "type": "Secret Keyword",
        "filename": "function-app/local.settings.json.sample",
        "hashed_secret": "aecdccc1cf64595b34e0cc152d238daabb32183a",
        "is_verified": false,
        "line_number": 7
      },
      {
        "type": "Secret Keyword",
        "filename": "function-app/local.settings.json.sample",
        "hashed_secret": "c303df00cd0a72b21c62900b758b06fc541664ce",
        "is_verified": false,
        "line_number": 10
      },
      {
        "type": "Secret Keyword",
        "filename": "function-app/local.settings.json.sample",
        "hashed_secret": "45d676e7c6ab44cf4b8fa366ef2d8fccd3e6d6e6",
        "is_verified": false,
        "line_number": 12
      }
    ],
    "standalone/README.md": [
      {
        "type": "Secret Keyword",
        "filename": "standalone/README.md",
        "hashed_secret": "15637a07753ce8d692bf826746320b0dc9a263ea",
        "is_verified": false,
        "line_number": 30
      },
      {
        "type": "Secret Keyword",
        "filename": "standalone/README.md",
        "hashed_secret": "564e340cd48437d2dfe876ee154cc99dc4d0d137",
        "is_verified": false,
        "line_number": 32
      }
    ],
    "standalone/SOFTWARE_INVENTORY_README.md": [
      {
        "type": "Secret Keyword",
        "filename": "standalone/SOFTWARE_INVENTORY_README.md",
        "hashed_secret": "15637a07753ce8d692bf826746320b0dc9a263ea",
        "is_verified": false,
        "line_number": 35
      },
      {
        "type": "Secret Keyword",
        "filename": "standalone/SOFTWARE_INVENTORY_README.md",
        "hashed_secret": "564e340cd48437d2dfe876ee154cc99dc4d0d137",
        "is_verified": false,
        "line_number": 37
      }
    ],
    "standalone/servicenow_cve_analyzer.py": [
      {
        "type": "Secret Keyword",
        "filename": "standalone/servicenow_cve_analyzer.py",
        "hashed_secret": "15637a07753ce8d692bf826746320b0dc9a263ea",
        "is_verified": false,
        "line_number": 1160
      },
      {
        "type": "Secret Keyword",
        "filename": "standalone/servicenow_cve_analyzer.py",
        "hashed_secret": "564e340cd48437d2dfe876ee154cc99dc4d0d137",
        "is_verified": false,
        "line_number": 1162
      }
    ],
    "standalone/software_inventory.py": [
      {
        "type": "Secret Keyword",
        "filename": "standalone/software_inventory.py",
        "hashed_secret": "15637a07753ce8d692bf826746320b0dc9a263ea",
        "is_verified": false,
        "line_number": 872
      },
      {
        "type": "Secret Keyword",
        "filename": "standalone/software_inventory.py",
        "hashed_secret": "564e340cd48437d2dfe876ee154cc99dc4d0d137",
        "is_verified": false,
        "line_number": 874
      }
    ],
    "standalone/software_inventory_optimized.py": [
      {
        "type": "Secret Keyword",
        "filename": "standalone/software_inventory_optimized.py",
        "hashed_secret": "15637a07753ce8d692bf826746320b0dc9a263ea",
        "is_verified": false,
        "line_number": 905
      },
      {
        "type": "Secret Keyword",
        "filename": "standalone/software_inventory_optimized.py",
        "hashed_secret": "564e340cd48437d2dfe876ee154cc99dc4d0d137",
        "is_verified": false,
        "line_number": 907
      }
    ]
  },
  "generated_at": "2025-09-15T18:50:30Z"
}
